// Jest Snapshot v1, https://goo.gl/fbAQLP

exports[`persistCache advanced usage passing a persistence mapper properly maps the persisted cache 1`] = `"{\\"User:1\\":{\\"id\\":1,\\"__typename\\":\\"User\\",\\"first\\":\\"Jane\\",\\"last\\":\\"Doe\\"},\\"ROOT_QUERY\\":{\\"__typename\\":\\"Query\\",\\"user({\\\\\\"id\\\\\\":1})\\":{\\"__ref\\":\\"User:1\\"}}}"`;

exports[`persistCache advanced usage passing in debounce configures the debounce interval 1`] = `"{\\"ROOT_QUERY\\":{\\"__typename\\":\\"Query\\",\\"hello\\":\\"world\\"}}"`;

exports[`persistCache advanced usage passing in key customizes the storage key 1`] = `"{\\"ROOT_QUERY\\":{\\"__typename\\":\\"Query\\",\\"hello\\":\\"world\\"}}"`;

exports[`persistCache advanced usage setting maxSize purges the Apollo cache & storage if it crosses a threshold 1`] = `undefined`;

exports[`persistCache setup requires a cache 1`] = `"In order to persist your Apollo Cache, you need to pass in a cache. Please see https://www.apollographql.com/docs/react/basics/caching.html for our default InMemoryCache."`;

exports[`persistCache setup requires storage 1`] = `"In order to persist your Apollo Cache, you need to pass in an underlying storage provider. Please see https://github.com/apollographql/apollo-cache-persist#storage-providers"`;
